Archive member included because of file (symbol)

c:/program files (x86)/gnu tools arm embedded/4.7 2013q2/bin/../lib/gcc/arm-none-eabi/4.7.4/../../../../arm-none-eabi/lib/armv7-m\libc_s.a(lib_a-__atexit2.o)
                              c:/program files (x86)/gnu tools arm embedded/4.7 2013q2/bin/../lib/gcc/arm-none-eabi/4.7.4/../../../../arm-none-eabi/lib/armv7-m/crt0.o (__register_exitproc)
c:/program files (x86)/gnu tools arm embedded/4.7 2013q2/bin/../lib/gcc/arm-none-eabi/4.7.4/../../../../arm-none-eabi/lib/armv7-m\libc_s.a(lib_a-exit.o)
                              c:/program files (x86)/gnu tools arm embedded/4.7 2013q2/bin/../lib/gcc/arm-none-eabi/4.7.4/../../../../arm-none-eabi/lib/armv7-m/crt0.o (exit)
c:/program files (x86)/gnu tools arm embedded/4.7 2013q2/bin/../lib/gcc/arm-none-eabi/4.7.4/../../../../arm-none-eabi/lib/armv7-m\libc_s.a(lib_a-fini.o)
                              c:/program files (x86)/gnu tools arm embedded/4.7 2013q2/bin/../lib/gcc/arm-none-eabi/4.7.4/../../../../arm-none-eabi/lib/armv7-m/crt0.o (__libc_fini_array)
c:/program files (x86)/gnu tools arm embedded/4.7 2013q2/bin/../lib/gcc/arm-none-eabi/4.7.4/../../../../arm-none-eabi/lib/armv7-m\libc_s.a(lib_a-impure.o)
                              c:/program files (x86)/gnu tools arm embedded/4.7 2013q2/bin/../lib/gcc/arm-none-eabi/4.7.4/../../../../arm-none-eabi/lib/armv7-m\libc_s.a(lib_a-exit.o) (_global_impure_ptr)
c:/program files (x86)/gnu tools arm embedded/4.7 2013q2/bin/../lib/gcc/arm-none-eabi/4.7.4/../../../../arm-none-eabi/lib/armv7-m\libc_s.a(lib_a-init.o)
                              c:/program files (x86)/gnu tools arm embedded/4.7 2013q2/bin/../lib/gcc/arm-none-eabi/4.7.4/../../../../arm-none-eabi/lib/armv7-m/crt0.o (__libc_init_array)
c:/program files (x86)/gnu tools arm embedded/4.7 2013q2/bin/../lib/gcc/arm-none-eabi/4.7.4/../../../../arm-none-eabi/lib/armv7-m\libc_s.a(lib_a-memset.o)
                              c:/program files (x86)/gnu tools arm embedded/4.7 2013q2/bin/../lib/gcc/arm-none-eabi/4.7.4/../../../../arm-none-eabi/lib/armv7-m/crt0.o (memset)
c:/program files (x86)/gnu tools arm embedded/4.7 2013q2/bin/../lib/gcc/arm-none-eabi/4.7.4/../../../../arm-none-eabi/lib/armv7-m\libnosys.a(_exit.o)
                              c:/program files (x86)/gnu tools arm embedded/4.7 2013q2/bin/../lib/gcc/arm-none-eabi/4.7.4/../../../../arm-none-eabi/lib/armv7-m\libc_s.a(lib_a-exit.o) (_exit)

Allocating common symbols
Common symbol       size              file

DisplayBuffer       0x400             C:\Users\Reuben\AppData\Local\Temp\ccuG634F.o (symbol from plugin)

Discarded input sections

 .text          0x00000000        0x0 c:/program files (x86)/gnu tools arm embedded/4.7 2013q2/bin/../lib/gcc/arm-none-eabi/4.7.4/armv7-m/crti.o
 .data          0x00000000        0x0 c:/program files (x86)/gnu tools arm embedded/4.7 2013q2/bin/../lib/gcc/arm-none-eabi/4.7.4/armv7-m/crti.o
 .bss           0x00000000        0x0 c:/program files (x86)/gnu tools arm embedded/4.7 2013q2/bin/../lib/gcc/arm-none-eabi/4.7.4/armv7-m/crti.o
 .init          0x00000000        0x4 c:/program files (x86)/gnu tools arm embedded/4.7 2013q2/bin/../lib/gcc/arm-none-eabi/4.7.4/armv7-m/crti.o
 .fini          0x00000000        0x4 c:/program files (x86)/gnu tools arm embedded/4.7 2013q2/bin/../lib/gcc/arm-none-eabi/4.7.4/armv7-m/crti.o
 .ARM.attributes
                0x00000000       0x1d c:/program files (x86)/gnu tools arm embedded/4.7 2013q2/bin/../lib/gcc/arm-none-eabi/4.7.4/armv7-m/crti.o
 .text          0x00000000       0x54 c:/program files (x86)/gnu tools arm embedded/4.7 2013q2/bin/../lib/gcc/arm-none-eabi/4.7.4/armv7-m/crtbegin.o
 .data          0x00000000        0x4 c:/program files (x86)/gnu tools arm embedded/4.7 2013q2/bin/../lib/gcc/arm-none-eabi/4.7.4/armv7-m/crtbegin.o
 .bss           0x00000000       0x1c c:/program files (x86)/gnu tools arm embedded/4.7 2013q2/bin/../lib/gcc/arm-none-eabi/4.7.4/armv7-m/crtbegin.o
 .init_array    0x00000000        0x4 c:/program files (x86)/gnu tools arm embedded/4.7 2013q2/bin/../lib/gcc/arm-none-eabi/4.7.4/armv7-m/crtbegin.o
 .fini_array    0x00000000        0x4 c:/program files (x86)/gnu tools arm embedded/4.7 2013q2/bin/../lib/gcc/arm-none-eabi/4.7.4/armv7-m/crtbegin.o
 .eh_frame      0x00000000        0x0 c:/program files (x86)/gnu tools arm embedded/4.7 2013q2/bin/../lib/gcc/arm-none-eabi/4.7.4/armv7-m/crtbegin.o
 .jcr           0x00000000        0x0 c:/program files (x86)/gnu tools arm embedded/4.7 2013q2/bin/../lib/gcc/arm-none-eabi/4.7.4/armv7-m/crtbegin.o
 .ARM.attributes
                0x00000000       0x2d c:/program files (x86)/gnu tools arm embedded/4.7 2013q2/bin/../lib/gcc/arm-none-eabi/4.7.4/armv7-m/crtbegin.o
 .text          0x00000000       0x70 c:/program files (x86)/gnu tools arm embedded/4.7 2013q2/bin/../lib/gcc/arm-none-eabi/4.7.4/../../../../arm-none-eabi/lib/armv7-m/crt0.o
 .data          0x00000000        0x0 c:/program files (x86)/gnu tools arm embedded/4.7 2013q2/bin/../lib/gcc/arm-none-eabi/4.7.4/../../../../arm-none-eabi/lib/armv7-m/crt0.o
 .bss           0x00000000        0x0 c:/program files (x86)/gnu tools arm embedded/4.7 2013q2/bin/../lib/gcc/arm-none-eabi/4.7.4/../../../../arm-none-eabi/lib/armv7-m/crt0.o
 .ARM.extab     0x00000000        0x0 c:/program files (x86)/gnu tools arm embedded/4.7 2013q2/bin/../lib/gcc/arm-none-eabi/4.7.4/../../../../arm-none-eabi/lib/armv7-m/crt0.o
 .ARM.exidx     0x00000000        0x8 c:/program files (x86)/gnu tools arm embedded/4.7 2013q2/bin/../lib/gcc/arm-none-eabi/4.7.4/../../../../arm-none-eabi/lib/armv7-m/crt0.o
 .ARM.attributes
                0x00000000       0x1b c:/program files (x86)/gnu tools arm embedded/4.7 2013q2/bin/../lib/gcc/arm-none-eabi/4.7.4/../../../../arm-none-eabi/lib/armv7-m/crt0.o
 .text          0x00000000        0x0 C:\Users\Reuben\AppData\Local\Temp\ccuG634F.o (symbol from plugin)
 .text          0x00000000        0x0 C:\Users\Reuben\AppData\Local\Temp\ccfFrxBv.ltrans0.ltrans.o
 .data          0x00000000        0x0 C:\Users\Reuben\AppData\Local\Temp\ccfFrxBv.ltrans0.ltrans.o
 .bss           0x00000000        0x0 C:\Users\Reuben\AppData\Local\Temp\ccfFrxBv.ltrans0.ltrans.o
 .rodata.BR_LOGO_ANIM.4127
                0x00000000     0x7800 C:\Users\Reuben\AppData\Local\Temp\ccfFrxBv.ltrans0.ltrans.o
 .data.BR_LOGO_LCD.4126
                0x00000000      0x400 C:\Users\Reuben\AppData\Local\Temp\ccfFrxBv.ltrans0.ltrans.o
 .text          0x00000000        0x0 C:\Users\Reuben\AppData\Local\Temp\ccEOeJPG.o (symbol from plugin)
 .text          0x00000000        0x0 C:\Users\Reuben\AppData\Local\Temp\cceQw4oL.o (symbol from plugin)
 .text          0x00000000        0x0 C:\Users\Reuben\AppData\Local\Temp\ccjXzEMM.o (symbol from plugin)
 .text          0x00000000        0x0 C:\Users\Reuben\AppData\Local\Temp\ccW7phFS.o (symbol from plugin)
 .text          0x00000000        0x0 C:\Users\Reuben\AppData\Local\Temp\ccvG3WP3.o (symbol from plugin)
 .text          0x00000000        0x0 C:\Users\Reuben\AppData\Local\Temp\ccUrOxOj.o (symbol from plugin)
 .data          0x00000000        0x0 C:\Users\Reuben\AppData\Local\Temp\ccPLGvrC.o
 .bss           0x00000000        0x0 C:\Users\Reuben\AppData\Local\Temp\ccPLGvrC.o
 .text          0x00000000        0x0 c:/program files (x86)/gnu tools arm embedded/4.7 2013q2/bin/../lib/gcc/arm-none-eabi/4.7.4/../../../../arm-none-eabi/lib/armv7-m\libc_s.a(lib_a-__atexit2.o)
 .data          0x00000000        0x0 c:/program files (x86)/gnu tools arm embedded/4.7 2013q2/bin/../lib/gcc/arm-none-eabi/4.7.4/../../../../arm-none-eabi/lib/armv7-m\libc_s.a(lib_a-__atexit2.o)
 .bss           0x00000000        0x0 c:/program files (x86)/gnu tools arm embedded/4.7 2013q2/bin/../lib/gcc/arm-none-eabi/4.7.4/../../../../arm-none-eabi/lib/armv7-m\libc_s.a(lib_a-__atexit2.o)
 .text.__register_exitproc
                0x00000000       0x14 c:/program files (x86)/gnu tools arm embedded/4.7 2013q2/bin/../lib/gcc/arm-none-eabi/4.7.4/../../../../arm-none-eabi/lib/armv7-m\libc_s.a(lib_a-__atexit2.o)
 .ARM.attributes
                0x00000000       0x2d c:/program files (x86)/gnu tools arm embedded/4.7 2013q2/bin/../lib/gcc/arm-none-eabi/4.7.4/../../../../arm-none-eabi/lib/armv7-m\libc_s.a(lib_a-__atexit2.o)
 .debug_frame   0x00000000       0x28 c:/program files (x86)/gnu tools arm embedded/4.7 2013q2/bin/../lib/gcc/arm-none-eabi/4.7.4/../../../../arm-none-eabi/lib/armv7-m\libc_s.a(lib_a-__atexit2.o)
 .text          0x00000000        0x0 c:/program files (x86)/gnu tools arm embedded/4.7 2013q2/bin/../lib/gcc/arm-none-eabi/4.7.4/../../../../arm-none-eabi/lib/armv7-m\libc_s.a(lib_a-exit.o)
 .data          0x00000000        0x0 c:/program files (x86)/gnu tools arm embedded/4.7 2013q2/bin/../lib/gcc/arm-none-eabi/4.7.4/../../../../arm-none-eabi/lib/armv7-m\libc_s.a(lib_a-exit.o)
 .bss           0x00000000        0x0 c:/program files (x86)/gnu tools arm embedded/4.7 2013q2/bin/../lib/gcc/arm-none-eabi/4.7.4/../../../../arm-none-eabi/lib/armv7-m\libc_s.a(lib_a-exit.o)
 .text.exit     0x00000000       0x2c c:/program files (x86)/gnu tools arm embedded/4.7 2013q2/bin/../lib/gcc/arm-none-eabi/4.7.4/../../../../arm-none-eabi/lib/armv7-m\libc_s.a(lib_a-exit.o)
 .ARM.attributes
                0x00000000       0x2d c:/program files (x86)/gnu tools arm embedded/4.7 2013q2/bin/../lib/gcc/arm-none-eabi/4.7.4/../../../../arm-none-eabi/lib/armv7-m\libc_s.a(lib_a-exit.o)
 .debug_frame   0x00000000       0x28 c:/program files (x86)/gnu tools arm embedded/4.7 2013q2/bin/../lib/gcc/arm-none-eabi/4.7.4/../../../../arm-none-eabi/lib/armv7-m\libc_s.a(lib_a-exit.o)
 .text          0x00000000        0x0 c:/program files (x86)/gnu tools arm embedded/4.7 2013q2/bin/../lib/gcc/arm-none-eabi/4.7.4/../../../../arm-none-eabi/lib/armv7-m\libc_s.a(lib_a-fini.o)
 .data          0x00000000        0x0 c:/program files (x86)/gnu tools arm embedded/4.7 2013q2/bin/../lib/gcc/arm-none-eabi/4.7.4/../../../../arm-none-eabi/lib/armv7-m\libc_s.a(lib_a-fini.o)
 .bss           0x00000000        0x0 c:/program files (x86)/gnu tools arm embedded/4.7 2013q2/bin/../lib/gcc/arm-none-eabi/4.7.4/../../../../arm-none-eabi/lib/armv7-m\libc_s.a(lib_a-fini.o)
 .text.__libc_fini_array
                0x00000000       0x2c c:/program files (x86)/gnu tools arm embedded/4.7 2013q2/bin/../lib/gcc/arm-none-eabi/4.7.4/../../../../arm-none-eabi/lib/armv7-m\libc_s.a(lib_a-fini.o)
 .ARM.attributes
                0x00000000       0x2d c:/program files (x86)/gnu tools arm embedded/4.7 2013q2/bin/../lib/gcc/arm-none-eabi/4.7.4/../../../../arm-none-eabi/lib/armv7-m\libc_s.a(lib_a-fini.o)
 .debug_frame   0x00000000       0x2c c:/program files (x86)/gnu tools arm embedded/4.7 2013q2/bin/../lib/gcc/arm-none-eabi/4.7.4/../../../../arm-none-eabi/lib/armv7-m\libc_s.a(lib_a-fini.o)
 .text          0x00000000        0x0 c:/program files (x86)/gnu tools arm embedded/4.7 2013q2/bin/../lib/gcc/arm-none-eabi/4.7.4/../../../../arm-none-eabi/lib/armv7-m\libc_s.a(lib_a-impure.o)
 .data          0x00000000        0x0 c:/program files (x86)/gnu tools arm embedded/4.7 2013q2/bin/../lib/gcc/arm-none-eabi/4.7.4/../../../../arm-none-eabi/lib/armv7-m\libc_s.a(lib_a-impure.o)
 .bss           0x00000000        0x0 c:/program files (x86)/gnu tools arm embedded/4.7 2013q2/bin/../lib/gcc/arm-none-eabi/4.7.4/../../../../arm-none-eabi/lib/armv7-m\libc_s.a(lib_a-impure.o)
 .data.impure_data
                0x00000000       0x64 c:/program files (x86)/gnu tools arm embedded/4.7 2013q2/bin/../lib/gcc/arm-none-eabi/4.7.4/../../../../arm-none-eabi/lib/armv7-m\libc_s.a(lib_a-impure.o)
 .data._impure_ptr
                0x00000000        0x4 c:/program files (x86)/gnu tools arm embedded/4.7 2013q2/bin/../lib/gcc/arm-none-eabi/4.7.4/../../../../arm-none-eabi/lib/armv7-m\libc_s.a(lib_a-impure.o)
 .rodata.str1.1
                0x00000000        0x2 c:/program files (x86)/gnu tools arm embedded/4.7 2013q2/bin/../lib/gcc/arm-none-eabi/4.7.4/../../../../arm-none-eabi/lib/armv7-m\libc_s.a(lib_a-impure.o)
 .rodata._global_impure_ptr
                0x00000000        0x4 c:/program files (x86)/gnu tools arm embedded/4.7 2013q2/bin/../lib/gcc/arm-none-eabi/4.7.4/../../../../arm-none-eabi/lib/armv7-m\libc_s.a(lib_a-impure.o)
 .ARM.attributes
                0x00000000       0x2d c:/program files (x86)/gnu tools arm embedded/4.7 2013q2/bin/../lib/gcc/arm-none-eabi/4.7.4/../../../../arm-none-eabi/lib/armv7-m\libc_s.a(lib_a-impure.o)
 .text          0x00000000        0x0 c:/program files (x86)/gnu tools arm embedded/4.7 2013q2/bin/../lib/gcc/arm-none-eabi/4.7.4/../../../../arm-none-eabi/lib/armv7-m\libc_s.a(lib_a-init.o)
 .data          0x00000000        0x0 c:/program files (x86)/gnu tools arm embedded/4.7 2013q2/bin/../lib/gcc/arm-none-eabi/4.7.4/../../../../arm-none-eabi/lib/armv7-m\libc_s.a(lib_a-init.o)
 .bss           0x00000000        0x0 c:/program files (x86)/gnu tools arm embedded/4.7 2013q2/bin/../lib/gcc/arm-none-eabi/4.7.4/../../../../arm-none-eabi/lib/armv7-m\libc_s.a(lib_a-init.o)
 .text.__libc_init_array
                0x00000000       0x4c c:/program files (x86)/gnu tools arm embedded/4.7 2013q2/bin/../lib/gcc/arm-none-eabi/4.7.4/../../../../arm-none-eabi/lib/armv7-m\libc_s.a(lib_a-init.o)
 .ARM.attributes
                0x00000000       0x2d c:/program files (x86)/gnu tools arm embedded/4.7 2013q2/bin/../lib/gcc/arm-none-eabi/4.7.4/../../../../arm-none-eabi/lib/armv7-m\libc_s.a(lib_a-init.o)
 .debug_frame   0x00000000       0x2c c:/program files (x86)/gnu tools arm embedded/4.7 2013q2/bin/../lib/gcc/arm-none-eabi/4.7.4/../../../../arm-none-eabi/lib/armv7-m\libc_s.a(lib_a-init.o)
 .text          0x00000000        0x0 c:/program files (x86)/gnu tools arm embedded/4.7 2013q2/bin/../lib/gcc/arm-none-eabi/4.7.4/../../../../arm-none-eabi/lib/armv7-m\libc_s.a(lib_a-memset.o)
 .data          0x00000000        0x0 c:/program files (x86)/gnu tools arm embedded/4.7 2013q2/bin/../lib/gcc/arm-none-eabi/4.7.4/../../../../arm-none-eabi/lib/armv7-m\libc_s.a(lib_a-memset.o)
 .bss           0x00000000        0x0 c:/program files (x86)/gnu tools arm embedded/4.7 2013q2/bin/../lib/gcc/arm-none-eabi/4.7.4/../../../../arm-none-eabi/lib/armv7-m\libc_s.a(lib_a-memset.o)
 .text          0x00000000        0x0 c:/program files (x86)/gnu tools arm embedded/4.7 2013q2/bin/../lib/gcc/arm-none-eabi/4.7.4/../../../../arm-none-eabi/lib/armv7-m\libnosys.a(_exit.o)
 .data          0x00000000        0x0 c:/program files (x86)/gnu tools arm embedded/4.7 2013q2/bin/../lib/gcc/arm-none-eabi/4.7.4/../../../../arm-none-eabi/lib/armv7-m\libnosys.a(_exit.o)
 .bss           0x00000000        0x0 c:/program files (x86)/gnu tools arm embedded/4.7 2013q2/bin/../lib/gcc/arm-none-eabi/4.7.4/../../../../arm-none-eabi/lib/armv7-m\libnosys.a(_exit.o)
 .text._exit    0x00000000        0x4 c:/program files (x86)/gnu tools arm embedded/4.7 2013q2/bin/../lib/gcc/arm-none-eabi/4.7.4/../../../../arm-none-eabi/lib/armv7-m\libnosys.a(_exit.o)
 .ARM.attributes
                0x00000000       0x2d c:/program files (x86)/gnu tools arm embedded/4.7 2013q2/bin/../lib/gcc/arm-none-eabi/4.7.4/../../../../arm-none-eabi/lib/armv7-m\libnosys.a(_exit.o)
 .debug_frame   0x00000000       0x20 c:/program files (x86)/gnu tools arm embedded/4.7 2013q2/bin/../lib/gcc/arm-none-eabi/4.7.4/../../../../arm-none-eabi/lib/armv7-m\libnosys.a(_exit.o)
 .text          0x00000000        0x0 c:/program files (x86)/gnu tools arm embedded/4.7 2013q2/bin/../lib/gcc/arm-none-eabi/4.7.4/armv7-m/crtend.o
 .data          0x00000000        0x0 c:/program files (x86)/gnu tools arm embedded/4.7 2013q2/bin/../lib/gcc/arm-none-eabi/4.7.4/armv7-m/crtend.o
 .bss           0x00000000        0x0 c:/program files (x86)/gnu tools arm embedded/4.7 2013q2/bin/../lib/gcc/arm-none-eabi/4.7.4/armv7-m/crtend.o
 .eh_frame      0x00000000        0x4 c:/program files (x86)/gnu tools arm embedded/4.7 2013q2/bin/../lib/gcc/arm-none-eabi/4.7.4/armv7-m/crtend.o
 .jcr           0x00000000        0x4 c:/program files (x86)/gnu tools arm embedded/4.7 2013q2/bin/../lib/gcc/arm-none-eabi/4.7.4/armv7-m/crtend.o
 .ARM.attributes
                0x00000000       0x2d c:/program files (x86)/gnu tools arm embedded/4.7 2013q2/bin/../lib/gcc/arm-none-eabi/4.7.4/armv7-m/crtend.o
 .text          0x00000000        0x0 c:/program files (x86)/gnu tools arm embedded/4.7 2013q2/bin/../lib/gcc/arm-none-eabi/4.7.4/armv7-m/crtn.o
 .data          0x00000000        0x0 c:/program files (x86)/gnu tools arm embedded/4.7 2013q2/bin/../lib/gcc/arm-none-eabi/4.7.4/armv7-m/crtn.o
 .bss           0x00000000        0x0 c:/program files (x86)/gnu tools arm embedded/4.7 2013q2/bin/../lib/gcc/arm-none-eabi/4.7.4/armv7-m/crtn.o
 .init          0x00000000        0x8 c:/program files (x86)/gnu tools arm embedded/4.7 2013q2/bin/../lib/gcc/arm-none-eabi/4.7.4/armv7-m/crtn.o
 .fini          0x00000000        0x8 c:/program files (x86)/gnu tools arm embedded/4.7 2013q2/bin/../lib/gcc/arm-none-eabi/4.7.4/armv7-m/crtn.o
 .ARM.attributes
                0x00000000       0x1d c:/program files (x86)/gnu tools arm embedded/4.7 2013q2/bin/../lib/gcc/arm-none-eabi/4.7.4/armv7-m/crtn.o

Memory Configuration

Name             Origin             Length             Attributes
FLASH            0x00000000         0x00080000         xr
RAM              0x10000000         0x00008000         xrw
*default*        0x00000000         0xffffffff

Linker script and memory map

LOAD c:/program files (x86)/gnu tools arm embedded/4.7 2013q2/bin/../lib/gcc/arm-none-eabi/4.7.4/armv7-m/crti.o
LOAD c:/program files (x86)/gnu tools arm embedded/4.7 2013q2/bin/../lib/gcc/arm-none-eabi/4.7.4/armv7-m/crtbegin.o
LOAD c:/program files (x86)/gnu tools arm embedded/4.7 2013q2/bin/../lib/gcc/arm-none-eabi/4.7.4/../../../../arm-none-eabi/lib/armv7-m/crt0.o
LOAD C:\Users\Reuben\AppData\Local\Temp\ccuG634F.o
LOAD C:\Users\Reuben\AppData\Local\Temp\ccfFrxBv.ltrans0.ltrans.o
LOAD c:/program files (x86)/gnu tools arm embedded/4.7 2013q2/bin/../lib/gcc/arm-none-eabi/4.7.4/armv7-m\libgcc.a
LOAD c:/program files (x86)/gnu tools arm embedded/4.7 2013q2/bin/../lib/gcc/arm-none-eabi/4.7.4/../../../../arm-none-eabi/lib/armv7-m\libc_s.a
LOAD C:\Users\Reuben\AppData\Local\Temp\ccEOeJPG.o
LOAD C:\Users\Reuben\AppData\Local\Temp\cceQw4oL.o
LOAD C:\Users\Reuben\AppData\Local\Temp\ccjXzEMM.o
LOAD C:\Users\Reuben\AppData\Local\Temp\ccW7phFS.o
LOAD C:\Users\Reuben\AppData\Local\Temp\ccvG3WP3.o
LOAD C:\Users\Reuben\AppData\Local\Temp\ccUrOxOj.o
LOAD C:\Users\Reuben\AppData\Local\Temp\ccPLGvrC.o
LOAD c:/program files (x86)/gnu tools arm embedded/4.7 2013q2/bin/../lib/gcc/arm-none-eabi/4.7.4/../../../../arm-none-eabi/lib/armv7-m\libc_s.a
LOAD c:/program files (x86)/gnu tools arm embedded/4.7 2013q2/bin/../lib/gcc/arm-none-eabi/4.7.4/../../../../arm-none-eabi/lib/armv7-m\libc_s.a
LOAD c:/program files (x86)/gnu tools arm embedded/4.7 2013q2/bin/../lib/gcc/arm-none-eabi/4.7.4/../../../../arm-none-eabi/lib/armv7-m\libnosys.a
START GROUP
LOAD c:/program files (x86)/gnu tools arm embedded/4.7 2013q2/bin/../lib/gcc/arm-none-eabi/4.7.4/armv7-m\libgcc.a
LOAD c:/program files (x86)/gnu tools arm embedded/4.7 2013q2/bin/../lib/gcc/arm-none-eabi/4.7.4/../../../../arm-none-eabi/lib/armv7-m\libc_s.a
END GROUP
LOAD c:/program files (x86)/gnu tools arm embedded/4.7 2013q2/bin/../lib/gcc/arm-none-eabi/4.7.4/armv7-m/crtend.o
LOAD c:/program files (x86)/gnu tools arm embedded/4.7 2013q2/bin/../lib/gcc/arm-none-eabi/4.7.4/armv7-m/crtn.o

.text           0x00000000     0x13e8
 *(.isr_vector)
 .isr_vector    0x00000000       0x44 C:\Users\Reuben\AppData\Local\Temp\ccPLGvrC.o
                0x00000000                __isr_vector
 *(.text*)
 .text.NVIC_SetPriority.4007.4110
                0x00000044       0x58 C:\Users\Reuben\AppData\Local\Temp\ccfFrxBv.ltrans0.ltrans.o
 .text.SysTick_Config.4015.4107
                0x0000009c       0x64 C:\Users\Reuben\AppData\Local\Temp\ccfFrxBv.ltrans0.ltrans.o
 .text.main     0x00000100       0x4c C:\Users\Reuben\AppData\Local\Temp\ccfFrxBv.ltrans0.ltrans.o
                0x00000100                main
 .text.SplashScreen.4103
                0x0000014c       0xc0 C:\Users\Reuben\AppData\Local\Temp\ccfFrxBv.ltrans0.ltrans.o
 .text.TextDemo.4101
                0x0000020c       0xd4 C:\Users\Reuben\AppData\Local\Temp\ccfFrxBv.ltrans0.ltrans.o
 .text.SystemInit
                0x000002e0      0x24c C:\Users\Reuben\AppData\Local\Temp\ccfFrxBv.ltrans0.ltrans.o
                0x000002e0                SystemInit
 .text.SendCMD.4095
                0x0000052c       0x20 C:\Users\Reuben\AppData\Local\Temp\ccfFrxBv.ltrans0.ltrans.o
 .text.SendData.4092
                0x0000054c       0x20 C:\Users\Reuben\AppData\Local\Temp\ccfFrxBv.ltrans0.ltrans.o
 .text.InitOLED.4090
                0x0000056c       0xf4 C:\Users\Reuben\AppData\Local\Temp\ccfFrxBv.ltrans0.ltrans.o
 .text.SetPageAddress.4087
                0x00000660       0x20 C:\Users\Reuben\AppData\Local\Temp\ccfFrxBv.ltrans0.ltrans.o
 .text.SetColumnAddress.4084
                0x00000680       0x34 C:\Users\Reuben\AppData\Local\Temp\ccfFrxBv.ltrans0.ltrans.o
 .text.DrawTextToBuffer.4079
                0x000006b4       0x50 C:\Users\Reuben\AppData\Local\Temp\ccfFrxBv.ltrans0.ltrans.o
 .text.WriteBufferToDisplay.4076
                0x00000704       0x60 C:\Users\Reuben\AppData\Local\Temp\ccfFrxBv.ltrans0.ltrans.o
 .text.DrawChar.4070
                0x00000764       0xec C:\Users\Reuben\AppData\Local\Temp\ccfFrxBv.ltrans0.ltrans.o
 .text.SetPixel.4063
                0x00000850       0x8c C:\Users\Reuben\AppData\Local\Temp\ccfFrxBv.ltrans0.ltrans.o
 .text.OLED_InitIF.4061
                0x000008dc       0x90 C:\Users\Reuben\AppData\Local\Temp\ccfFrxBv.ltrans0.ltrans.o
 .text.OLED_MsDelay.4058
                0x0000096c       0x18 C:\Users\Reuben\AppData\Local\Temp\ccfFrxBv.ltrans0.ltrans.o
 .text.OLED_SendByte.4055
                0x00000984       0x20 C:\Users\Reuben\AppData\Local\Temp\ccfFrxBv.ltrans0.ltrans.o
 .text.OLED_ResetAssert.4053
                0x000009a4       0x18 C:\Users\Reuben\AppData\Local\Temp\ccfFrxBv.ltrans0.ltrans.o
 .text.OLED_ResetDeassert.4051
                0x000009bc       0x18 C:\Users\Reuben\AppData\Local\Temp\ccfFrxBv.ltrans0.ltrans.o
 .text.OLED_SetCommand.4049
                0x000009d4       0x1c C:\Users\Reuben\AppData\Local\Temp\ccfFrxBv.ltrans0.ltrans.o
 .text.OLED_SetData.4047
                0x000009f0       0x1c C:\Users\Reuben\AppData\Local\Temp\ccfFrxBv.ltrans0.ltrans.o
 .text.SysTick_Handler
                0x00000a0c       0x24 C:\Users\Reuben\AppData\Local\Temp\ccfFrxBv.ltrans0.ltrans.o
                0x00000a0c                SysTick_Handler
 .text.MsDelay.4041
                0x00000a30       0x34 C:\Users\Reuben\AppData\Local\Temp\ccfFrxBv.ltrans0.ltrans.o
 .text.SPI_Init.4028
                0x00000a64      0x3d8 C:\Users\Reuben\AppData\Local\Temp\ccfFrxBv.ltrans0.ltrans.o
 .text.SPI_SendByte.4024
                0x00000e3c       0x64 C:\Users\Reuben\AppData\Local\Temp\ccfFrxBv.ltrans0.ltrans.o
 .text.SPI_WaitWhileBusy.4019
                0x00000ea0       0x48 C:\Users\Reuben\AppData\Local\Temp\ccfFrxBv.ltrans0.ltrans.o
 .text.CLKPWR_GetPCLKDiv.4016
                0x00000ee8       0x48 C:\Users\Reuben\AppData\Local\Temp\ccfFrxBv.ltrans0.ltrans.o
 .text.CLKPWR_GetPCLK.4013
                0x00000f30       0x7c C:\Users\Reuben\AppData\Local\Temp\ccfFrxBv.ltrans0.ltrans.o
 .text.CLKPWR_EnablePPWR.4007
                0x00000fac       0x30 C:\Users\Reuben\AppData\Local\Temp\ccfFrxBv.ltrans0.ltrans.o
 .text          0x00000fdc       0x54 C:\Users\Reuben\AppData\Local\Temp\ccPLGvrC.o
                0x00000fdc                Reset_Handler
                0x0000101c                NMI_Handler
                0x0000101e                HardFault_Handler
                0x00001020                MemManage_Handler
                0x00001022                BusFault_Handler
                0x00001024                UsageFault_Handler
                0x00001026                SVC_Handler
                0x00001028                DebugMon_Handler
                0x0000102a                PendSV_Handler
                0x0000102e                DEF_IRQHandler
                0x0000102e                Default_Handler
 .text.memset   0x00001030       0x10 c:/program files (x86)/gnu tools arm embedded/4.7 2013q2/bin/../lib/gcc/arm-none-eabi/4.7.4/../../../../arm-none-eabi/lib/armv7-m\libc_s.a(lib_a-memset.o)
                0x00001030                memset
 *(.init)
 *(.fini)
 *crtbegin.o(.ctors)
 *crtbegin?.o(.ctors)
 *(EXCLUDE_FILE(*crtend.o *crtend?.o) .ctors)
 *(SORT(.ctors.*))
 *(.ctors)
 *crtbegin.o(.dtors)
 *crtbegin?.o(.dtors)
 *(EXCLUDE_FILE(*crtend.o *crtend?.o) .dtors)
 *(SORT(.dtors.*))
 *(.dtors)
 *(.rodata*)
 .rodata        0x00001040       0xa8 C:\Users\Reuben\AppData\Local\Temp\ccfFrxBv.ltrans0.ltrans.o
 .rodata.FONT_5x7.4122
                0x000010e8      0x300 C:\Users\Reuben\AppData\Local\Temp\ccfFrxBv.ltrans0.ltrans.o
 *(.eh_frame*)

.glue_7         0x000013e8        0x0
 .glue_7        0x00000000        0x0 linker stubs

.glue_7t        0x000013e8        0x0
 .glue_7t       0x00000000        0x0 linker stubs

.vfp11_veneer   0x000013e8        0x0
 .vfp11_veneer  0x00000000        0x0 linker stubs

.v4_bx          0x000013e8        0x0
 .v4_bx         0x00000000        0x0 linker stubs

.iplt           0x000013e8        0x0
 .iplt          0x00000000        0x0 c:/program files (x86)/gnu tools arm embedded/4.7 2013q2/bin/../lib/gcc/arm-none-eabi/4.7.4/armv7-m/crtbegin.o

.rel.dyn        0x000013e8        0x0
 .rel.iplt      0x00000000        0x0 c:/program files (x86)/gnu tools arm embedded/4.7 2013q2/bin/../lib/gcc/arm-none-eabi/4.7.4/armv7-m/crtbegin.o

.ARM.extab
 *(.ARM.extab* .gnu.linkonce.armextab.*)
                0x000013e8                __exidx_start = .

.ARM.exidx
 *(.ARM.exidx* .gnu.linkonce.armexidx.*)
                0x000013e8                __exidx_end = .
                0x000013e8                __etext = .

.data           0x10000000        0x8 load address 0x000013e8
                0x10000000                __data_start__ = .
 *(vtable)
 *(.data*)
 .data.SystemCoreClock.4119
                0x10000000        0x4 C:\Users\Reuben\AppData\Local\Temp\ccfFrxBv.ltrans0.ltrans.o
 .data.Contrast_level.4124
                0x10000004        0x1 C:\Users\Reuben\AppData\Local\Temp\ccfFrxBv.ltrans0.ltrans.o
                0x10000008                . = ALIGN (0x4)
 *fill*         0x10000005        0x3 00
                0x10000008                PROVIDE (__preinit_array_start, .)
 *(.preinit_array)
                0x10000008                PROVIDE (__preinit_array_end, .)
                0x10000008                . = ALIGN (0x4)
                0x10000008                PROVIDE (__init_array_start, .)
 *(SORT(.init_array.*))
 *(.init_array)
                0x10000008                PROVIDE (__init_array_end, .)
                0x10000008                . = ALIGN (0x4)
                0x10000008                PROVIDE (__fini_array_start, .)
 *(SORT(.fini_array.*))
 *(.fini_array)
                0x10000008                PROVIDE (__fini_array_end, .)
 *(.jcr)
                0x10000008                . = ALIGN (0x4)
                0x10000008                __data_end__ = .

.igot.plt       0x10000008        0x0 load address 0x000013f0
 .igot.plt      0x00000000        0x0 c:/program files (x86)/gnu tools arm embedded/4.7 2013q2/bin/../lib/gcc/arm-none-eabi/4.7.4/armv7-m/crtbegin.o

.bss            0x10000008      0x404 load address 0x000013f0
                0x10000008                . = ALIGN (0x4)
                0x10000008                __bss_start__ = .
 *(.bss*)
 .bss.DisplayBuffer.4125
                0x10000008      0x400 C:\Users\Reuben\AppData\Local\Temp\ccfFrxBv.ltrans0.ltrans.o
 .bss.msTicks.4120
                0x10000408        0x4 C:\Users\Reuben\AppData\Local\Temp\ccfFrxBv.ltrans0.ltrans.o
 *(COMMON)
                0x1000040c                . = ALIGN (0x4)
                0x1000040c                __bss_end__ = .

.heap           0x10000410        0x0
                0x10000410                __end__ = .
                0x10000410                end = __end__
 *(.heap*)
 .heap          0x10000410        0x0 C:\Users\Reuben\AppData\Local\Temp\ccPLGvrC.o
                0x10000410                __HeapLimit = .

.stack_dummy    0x10000410      0xc00
 *(.stack*)
 .stack         0x10000410      0xc00 C:\Users\Reuben\AppData\Local\Temp\ccPLGvrC.o
                0x10008000                __StackTop = (ORIGIN (RAM) + 0x8000)
                0x10007400                __StackLimit = (__StackTop - SIZEOF (.stack_dummy))
                0x10008000                PROVIDE (__stack, __StackTop)
                0x00000001                ASSERT ((__StackLimit >= __HeapLimit), region RAM overflowed with stack)
OUTPUT(LPC1769-OLED-Mono-CM3.axf elf32-littlearm)

.comment        0x00000000       0x70
 .comment       0x00000000       0x70 C:\Users\Reuben\AppData\Local\Temp\ccfFrxBv.ltrans0.ltrans.o
                                 0x71 (size before relaxing)

.ARM.attributes
                0x00000000       0x29
 .ARM.attributes
                0x00000000       0x31 C:\Users\Reuben\AppData\Local\Temp\ccfFrxBv.ltrans0.ltrans.o
 .ARM.attributes
                0x00000031       0x1b C:\Users\Reuben\AppData\Local\Temp\ccPLGvrC.o
 .ARM.attributes
                0x0000004c       0x2d c:/program files (x86)/gnu tools arm embedded/4.7 2013q2/bin/../lib/gcc/arm-none-eabi/4.7.4/../../../../arm-none-eabi/lib/armv7-m\libc_s.a(lib_a-memset.o)

.debug_frame    0x00000000       0x20
 .debug_frame   0x00000000       0x20 c:/program files (x86)/gnu tools arm embedded/4.7 2013q2/bin/../lib/gcc/arm-none-eabi/4.7.4/../../../../arm-none-eabi/lib/armv7-m\libc_s.a(lib_a-memset.o)
